// Jest Snapshot v1, https://goo.gl/fbAQLP

exports[`Posts component matches snapshot 1`] = `
<DocumentFragment>
   
  <h2>
    Posts
  </h2>
  <div
    class="sc-kEqXSa kdUyVv"
  >
    <div
      class="sc-iqAclL jNboji"
    >
      Content 1 - 1
    </div>
    <div
      class="sc-bdnxRM juMqzC"
    >
      <div
        class="added-reactions"
      />
      <button
        aria-expanded="false"
        aria-haspopup="true"
        class="sc-jrsJWt kDvBKi"
        data-toggle="dropdown"
        style="font-weight: 600;"
      >
        R
      </button>
    </div>
  </div>
  <div
    class="sc-kEqXSa kdUyVv"
  >
    <div
      class="sc-iqAclL jNboji"
    >
      Content 2 - 2
    </div>
    <div
      class="sc-bdnxRM juMqzC"
    >
      <div
        class="added-reactions"
      />
      <button
        aria-expanded="false"
        aria-haspopup="true"
        class="sc-jrsJWt kDvBKi"
        data-toggle="dropdown"
        style="font-weight: 600;"
      >
        R
      </button>
    </div>
  </div>
</DocumentFragment>
`;
